[www.indonez.com/html-demo/Profit/index.html]
[backblue.gif]
[fade.gif]
[index.html]
[www.indonez.com/html-demo/Profit/js/vendors/uikit.min.js]
[www.indonez.com/html-demo/Profit/fonts/fa-brands-400.woff2]
[www.indonez.com/html-demo/Profit/fonts/fa-solid-900.woff2]
[www.indonez.com/html-demo/Profit/fonts/lato-v16-latin-700.woff2]
[www.indonez.com/html-demo/Profit/fonts/lato-v16-latin-regular.woff2]
[www.indonez.com/html-demo/Profit/fonts/montserrat-v14-latin-600.woff2]
[www.indonez.com/html-demo/Profit/favicon.ico]
[www.indonez.com/html-demo/Profit/apple-touch-icon.png]
[www.indonez.com/html-demo/Profit/index-2.html]
[www.indonez.com/html-demo/Profit/homepage2.html]
[www.indonez.com/html-demo/Profit/homepage3.html]
[www.indonez.com/html-demo/Profit/homepage4.html]
[www.indonez.com/html-demo/Profit/markets.html]
[www.indonez.com/html-demo/Profit/about.html]
[www.indonez.com/html-demo/Profit/blog-list.html]
[www.indonez.com/html-demo/Profit/careers.html]
[www.indonez.com/html-demo/Profit/education.html]
[www.indonez.com/html-demo/Profit/customers.html]
[www.indonez.com/html-demo/Profit/roadmap.html]
[www.indonez.com/html-demo/Profit/legal-docs.html]
[www.indonez.com/html-demo/Profit/signin.html]
[www.indonez.com/html-demo/Profit/js/vendors/indonez.min.js]
[widget.trustpilot.com/bootstrap/v5/tp.widget.bootstrap.min.js]
[www.indonez.com/html-demo/Profit/js/config-theme.js]
[www.indonez.com/html-demo/Profit/index.html]
[www.indonez.com/html-demo/Profit/css/vendors/uikit.min.css]
[www.indonez.com/html-demo/Profit/fonts/montserrat-v14-latin-600.woff]
[www.indonez.com/html-demo/Profit/fonts/lato-v16-latin-regular.woff]
[www.indonez.com/html-demo/Profit/fonts/lato-v16-latin-700.woff]
[www.indonez.com/html-demo/Profit/fonts/fa-brands-400.21.delayed]
[www.indonez.com/html-demo/Profit/fonts/fa-brands-400d41d.eot]
[www.indonez.com/html-demo/Profit/fonts/fa-brands-400.woff]
[www.indonez.com/html-demo/Profit/fonts/fa-brands-400.ttf]
[www.indonez.com/html-demo/Profit/fonts/fa-brands-400.svg]
[www.indonez.com/html-demo/Profit/fonts/fa-solid-900.eot]
[www.indonez.com/html-demo/Profit/fonts/fa-solid-900d41d.eot]
[www.indonez.com/html-demo/Profit/fonts/fa-solid-900.woff]
[www.indonez.com/html-demo/Profit/fonts/fa-solid-900.ttf]
[www.indonez.com/html-demo/Profit/fonts/fa-solid-900.svg]
[www.indonez.com/html-demo/Profit/css/style.css]
[www.indonez.com/html-demo/Profit/index-2.html]
[www.indonez.com/html-demo/Profit/img/in-lazy.svg]
[www.indonez.com/html-demo/Profit/homepage2.html]
[www.indonez.com/html-demo/Profit/homepage3.html]
[www.indonez.com/html-demo/Profit/homepage4.html]
[www.indonez.com/html-demo/Profit/markets.html]
[www.indonez.com/html-demo/Profit/img/in-team-background-1.png]
[www.indonez.com/html-demo/Profit/img/in-team-1.png]
[www.indonez.com/html-demo/Profit/img/in-team-2.png]
[www.indonez.com/html-demo/Profit/img/in-team-3.png]
[www.indonez.com/html-demo/Profit/img/in-team-4.png]
[www.indonez.com/html-demo/Profit/about.html]
[www.indonez.com/html-demo/Profit/blog-article.html]
[www.indonez.com/html-demo/Profit/img/in-team-5.png]
[www.indonez.com/html-demo/Profit/img/in-team-9.png]
[www.indonez.com/html-demo/Profit/img/in-team-8.png]
[www.indonez.com/html-demo/Profit/img/in-widget-image-1.jpg]
[www.indonez.com/html-demo/Profit/img/in-widget-image-2.jpg]
[www.indonez.com/html-demo/Profit/img/in-widget-image-3.jpg]
[www.indonez.com/html-demo/Profit/blog-list.html]
[www.indonez.com/html-demo/Profit/img/in-gallery-image-1.jpg]
[www.indonez.com/html-demo/Profit/img/in-gallery-image-2.jpg]
[www.indonez.com/html-demo/Profit/img/in-gallery-image-3.jpg]
[www.indonez.com/html-demo/Profit/img/in-gallery-image-4.jpg]
[www.indonez.com/html-demo/Profit/img/in-gallery-image-5.jpg]
[www.indonez.com/html-demo/Profit/img/in-gallery-image-6.jpg]
[www.indonez.com/html-demo/Profit/careers.html]
[www.indonez.com/html-demo/Profit/img/in-card-background-1.jpg]
[www.indonez.com/html-demo/Profit/education.html]
[www.indonez.com/html-demo/Profit/help-center.html]
[www.indonez.com/html-demo/Profit/img/in-testimoni-3.png]
[www.indonez.com/html-demo/Profit/customers.html]
[www.indonez.com/html-demo/Profit/roadmap.html]
[www.indonez.com/html-demo/Profit/legal-docs.html]
[www.indonez.com/html-demo/Profit/img/in-signin-image.jpg]
[www.indonez.com/html-demo/Profit/signin.html]
[www.indonez.com/html-demo/Profit/constants.js]
[www.indonez.com/html-demo/Profit/xhr.js]
[www.indonez.com/html-demo/Profit/GET]
[www.indonez.com/html-demo/Profit/path=/index.html]
[www.indonez.com/html-demo/Profit/lib/widget-management.js]
[widget.trustpilot.com/bootstrap/v5/tp.widget.bootstrap.min.js]
[www.indonez.com/html-demo/Profit/img/in-logo-1.svg]
[www.indonez.com/html-demo/Profit/fonts/fa-brands-400.html]
[www.indonez.com/html-demo/Profit/fonts/fa-brands-400d41d.html]
[www.indonez.com/html-demo/Profit/fonts/fa-brands-401.html]
[www.indonez.com/html-demo/Profit/fonts/fa-brands-402.html]
[www.indonez.com/html-demo/Profit/fonts/fa-solid-900.html]
[www.indonez.com/html-demo/Profit/fonts/fa-solid-900d41d.html]
[www.indonez.com/html-demo/Profit/fonts/fa-solid-901.html]
[www.indonez.com/html-demo/Profit/fonts/fa-solid-902.html]
[www.indonez.com/html-demo/Profit/img/in-profit-decor-1.svg]
[www.indonez.com/html-demo/Profit/img/in-profit-decor-2.svg]
[www.indonez.com/html-demo/Profit/img/in-profit-decor-3.svg]
[www.indonez.com/html-demo/Profit/img/in-award-left.svg]
[www.indonez.com/html-demo/Profit/img/in-award-right.svg]
[www.indonez.com/html-demo/Profit/img/in-profit-dotted.svg]
[www.indonez.com/html-demo/Profit/img/in-team-6.png]
[www.indonez.com/html-demo/Profit/blog-article.html]
[www.indonez.com/html-demo/Profit/img/in-content-10-image.png]
[www.indonez.com/html-demo/Profit/img/in-team-7.png]
[www.indonez.com/html-demo/Profit/help-center.html]
[www.indonez.com/html-demo/Profit/img/in-client-testi-1.svg]
[www.indonez.com/html-demo/Profit/img/in-client-testi-2.svg]
[www.indonez.com/html-demo/Profit/img/in-client-testi-3.svg]
[www.indonez.com/html-demo/Profit/img/in-client-testi-4.svg]
[www.indonez.com/html-demo/Profit/img/in-client-testi-5.svg]
[www.indonez.com/html-demo/Profit/constants.html]
[www.indonez.com/html-demo/Profit/xhr.html]
[www.indonez.com/html-demo/Profit/path=/index.html]
[www.indonez.com/html-demo/Profit/GET.html]
[www.indonez.com/html-demo/Profit/lib/widget-management.html]
[www.indonez.com/html-demo/Profit/contact.html]
[www.indonez.com/html-demo/Profit/img/in-testimoni-2.png]
