[crypterio.stylemixthemes.com/purple/index.html]
[backblue.gif]
[fade.gif]
[index.html]
[crypterio.stylemixthemes.com/purple/wp-content/cache/autoptimize/15/css/autoptimize_87db107a02ce899450d35d74660f56a1.css]
[crypterio.stylemixthemes.com/purple/wp-content/cache/autoptimize/15/css/autoptimize_single_a600c45da9f0ebeb90fc5ebe28919d4120b9.css]
[maxcdn.bootstrapcdn.com/font-awesome/4.7.0/css/font-awesome.min1849.css]
[crypterio.stylemixthemes.com/purple/feed/index.html]
[crypterio.stylemixthemes.com/purple/wp-includes/js/jquery/jqueryb8ff.js]
[crypterio.stylemixthemes.com/purple/comments/feed/index.html]
[crypterio.stylemixthemes.com/purple/xmlrpc0db0.php]
[crypterio.stylemixthemes.com/purple/wp-includes/wlwmanifest.xml]
[crypterio.stylemixthemes.com/purple/wp-json/index.html]
[crypterio.stylemixthemes.com/purple/wp-json/oembed/1.0/embed2d98.json]
[crypterio.stylemixthemes.com/purple/wp-json/oembed/1.0/embeda2bd]
[crypterio.stylemixthemes.com/purple/wp-content/uploads/sites/15/2019/04/cropped-cropped-favicon-crypterio-32x32.png]
[crypterio.stylemixthemes.com/purple/wp-content/uploads/sites/15/2019/04/cropped-cropped-favicon-crypterio-192x192.png]
[crypterio.stylemixthemes.com/purple/wp-content/uploads/sites/15/2019/04/cropped-cropped-favicon-crypterio-180x180.png]
[crypterio.stylemixthemes.com/purple/wp-content/uploads/sites/15/2018/08/top-bg_01c3fe.jpg]
[crypterio.stylemixthemes.com/purple/wp-content/themes/crypterio/assets/images/tmp/ico_purple/logo_default.svg]
[assets.coingecko.com/coins/images/279/small/ethereum4471.png]
[assets.coingecko.com/coins/images/1/small/bitcoin7158.png]
[assets.coingecko.com/coins/images/780/small/bitcoin-cash-circle92fd.png]
[crypterio.stylemixthemes.com/purple/wp-content/uploads/sites/15/2018/08/image1_03.jpg]
[crypterio.stylemixthemes.com/purple/wp-content/uploads/sites/15/2018/08/graph_07.png]
[crypterio.stylemixthemes.com/purple/wp-content/uploads/sites/15/2018/08/graph_11.jpg]
[crypterio.stylemixthemes.com/purple/wp-content/uploads/sites/15/2018/01/team_1-19x5.jpg]
[crypterio.stylemixthemes.com/purple/wp-content/uploads/sites/15/2016/01/team_2-19x5.jpg]
[crypterio.stylemixthemes.com/purple/wp-content/uploads/sites/15/2016/01/team_3-19x5.jpg]
[crypterio.stylemixthemes.com/purple/staff/gabriel-moulinou/index.html]
[crypterio.stylemixthemes.com/purple/wp-content/uploads/sites/15/2016/01/team_4-19x5.jpg]
[crypterio.stylemixthemes.com/purple/wp-content/uploads/sites/15/2016/01/team_6-19x5.jpg]
[crypterio.stylemixthemes.com/purple/wp-content/uploads/sites/15/2016/01/team_5-19x5.jpg]
[crypterio.stylemixthemes.com/purple/wp-content/uploads/sites/15/2016/01/team_7-19x5.jpg]
[crypterio.stylemixthemes.com/purple/wp-content/uploads/sites/15/2016/01/team_8-19x5.jpg]
[crypterio.stylemixthemes.com/purple/staff/frederic-zanko/index.html]
[crypterio.stylemixthemes.com/purple/wp-content/uploads/sites/15/2018/07/team11-1-11x5.jpg]
[crypterio.stylemixthemes.com/purple/staff/katrina-tamburrano/index.html]
[crypterio.stylemixthemes.com/purple/wp-content/uploads/sites/15/2018/07/team10-1-11x5.jpg]
[crypterio.stylemixthemes.com/purple/staff/mark-kristof/index.html]
[crypterio.stylemixthemes.com/purple/wp-content/uploads/sites/15/2018/07/team9-1-11x5.jpg]
[crypterio.stylemixthemes.com/purple/staff/simon-kurvits/index.html]
[crypterio.stylemixthemes.com/purple/wp-content/uploads/sites/15/2018/08/logos_03.png]
[crypterio.stylemixthemes.com/purple/wp-content/uploads/sites/15/2018/08/logos_06.png]
[crypterio.stylemixthemes.com/purple/staff/angie-hunter/index.html]
[crypterio.stylemixthemes.com/purple/staff/terence-spencer/index.html]
[crypterio.stylemixthemes.com/purple/wp-content/uploads/sites/15/2018/08/logos_09.png]
[crypterio.stylemixthemes.com/purple/staff/mattias-christopher/index.html]
[crypterio.stylemixthemes.com/purple/wp-content/uploads/sites/15/2018/08/logos_12.png]
[crypterio.stylemixthemes.com/purple/wp-content/uploads/sites/15/2018/08/logos_15.png]
[crypterio.stylemixthemes.com/purple/wp-content/themes/crypterio/assets/images/tmp/footer/logo_ico_purple_default.svg]
[crypterio.stylemixthemes.com/purple/staff/clark-sunguy/index.html]
[stylemixthemes.scdn2.secure.raxcdn.com/envato/lazy.png]
[crypterio.stylemixthemes.com/purple/staff/marianna-kopli/index.html]
[crypterio.stylemixthemes.com/purple/staff/jack-cooking/index.html]
[cdnjs.cloudflare.com/ajax/libs/money.js/0.2.0/money.mine480.js]
[crypterio.stylemixthemes.com/purple/index.html]
[crypterio.stylemixthemes.com/purple/xmlrpc.php]
[crypterio.stylemixthemes.com/purple/wp-content/cache/autoptimize/15/js/autoptimize_939083a9e6f95c031444d94c95a3b237.js]
[crypterio.stylemixthemes.com/purple/wp-content/themes/crypterio/assets/fonts/glyphicons-halflings-regular.eot]
[crypterio.stylemixthemes.com/purple/wp-content/themes/crypterio/assets/images/bg/img_5.jpg]
[crypterio.stylemixthemes.com/purple/wp-content/themes/crypterio/assets/images/page_404.jpg]
[crypterio.stylemixthemes.com/purple/wp-content/plugins/js_composer/assets/vc/alert.png]
[crypterio.stylemixthemes.com/purple/wp-content/plugins/pearl-header-builder/assets/frontend/assets/fonts/fontawesome-webfont3e6e.eot]
[crypterio.stylemixthemes.com/purple/wp-content/themes/crypterio/assets/images/fancybox/fancybox_sprite.png]
[crypterio.stylemixthemes.com/purple/wp-content/cache/autoptimize/15/css/autoptimize_87db107a02ce899450d35d74660f56a1.css]
[crypterio.stylemixthemes.com/purple/wp-content/plugins/js_composer/assets/lib/bower/font-awesome/webfonts/fa-brands-400.eot]
[crypterio.stylemixthemes.com/purple/wp-content/cache/autoptimize/15/css/autoptimize_single_a600c45da9f0ebeb90fc5ebe28919d4120b9.css]
[maxcdn.bootstrapcdn.com/font-awesome/4.7.0/css/font-awesome.min1849.css]
[crypterio.stylemixthemes.com/purple/wp-admin/admin-ajax.html]
[www.googletagmanager.com/gtm5445.html]
[crypterio.stylemixthemes.com/purple/wp-content/themes/crypterio/assets/images/tmp/ico_purple/logo_default.svg]
[crypterio.stylemixthemes.com/purple/wp-content/uploads/sites/15/stm_fonts/stmicons/stme66f.eot]
[crypterio.stylemixthemes.com/purple/wp-content/uploads/sites/15/2018/01/team_1.jpg]
[crypterio.stylemixthemes.com/purple/wp-content/cache/autoptimize/15/css/autoptimize_9480e17f50b432b84f75b6f423ddc33b.css]
[crypterio.stylemixthemes.com/purple/wp-json/oembed/1.0/embedc87e.json]
[crypterio.stylemixthemes.com/purple/wp-json/oembed/1.0/embed3f2c]
[crypterio.stylemixthemes.com/purple/wp-content/uploads/sites/15/2018/08/news170ec.jpg]
[crypterio.stylemixthemes.com/purple/wp-content/uploads/sites/15/2018/01/team_1-56x36.jpg]
[crypterio.stylemixthemes.com/purple/wp-content/uploads/sites/15/2018/01/logo-editor-3-2-340x100-1-17x5.png]
[crypterio.stylemixthemes.com/purple/2018/01/20/first-long-term-bitcoin-option-price-of-10000-launched-by-stmx/index.html]
[crypterio.stylemixthemes.com/purple/wp-content/uploads/sites/15/2018/01/logo-editor-2-2-340x100-1-17x5.png]
[crypterio.stylemixthemes.com/purple/2018/01/20/stmx-dht-ico-risk-hedging-crypto-trading-for-investors/index.html]
[crypterio.stylemixthemes.com/purple/wp-content/uploads/sites/15/2018/08/news1.jpg]
[crypterio.stylemixthemes.com/purple/wp-content/uploads/sites/15/2018/08/news1-7x5.jpg]
[crypterio.stylemixthemes.com/purple/wp-content/uploads/sites/15/2018/08/news3.jpg]
[crypterio.stylemixthemes.com/purple/wp-content/uploads/sites/15/2018/08/news3-7x5.jpg]
[crypterio.stylemixthemes.com/purple/wp-content/uploads/sites/15/2018/08/news2.jpg]
[crypterio.stylemixthemes.com/purple/wp-content/uploads/sites/15/2018/08/news2-7x5.jpg]
[crypterio.stylemixthemes.com/cdn-cgi/scripts/5c5dd728/cloudflare-static/email-decode.min.js]
[crypterio.stylemixthemes.com/purple/staff/gabriel-moulinou/index.html]
[crypterio.stylemixthemes.com/purple/wp-content/cache/autoptimize/15/js/autoptimize_f943ef879a1eab86eee2d353e5af73b1.js]
[crypterio.stylemixthemes.com/purple/wp-content/uploads/sites/15/2016/01/team_2.jpg]
[crypterio.stylemixthemes.com/purple/wp-content/cache/autoptimize/15/css/autoptimize_a8e82973ef4b422b5accf40290a215a5.css]
[crypterio.stylemixthemes.com/purple/wp-json/oembed/1.0/embedb2c8.json]
[crypterio.stylemixthemes.com/purple/wp-json/oembed/1.0/embede8a5]
[crypterio.stylemixthemes.com/purple/wp-content/uploads/sites/15/2016/01/team_2-56x36.jpg]
[crypterio.stylemixthemes.com/purple/staff/frederic-zanko/index.html]
[crypterio.stylemixthemes.com/purple/wp-content/cache/autoptimize/15/css/autoptimize_618f4ce662452b20e67021fca7a141a0.css]
[crypterio.stylemixthemes.com/purple/wp-content/uploads/sites/15/2016/01/team_3.jpg]
[crypterio.stylemixthemes.com/purple/wp-json/oembed/1.0/embed375c.json]
[crypterio.stylemixthemes.com/purple/wp-json/oembed/1.0/embedcf40]
[crypterio.stylemixthemes.com/purple/wp-content/uploads/sites/15/2016/01/team_3-56x36.jpg]
[crypterio.stylemixthemes.com/purple/staff/katrina-tamburrano/index.html]
[crypterio.stylemixthemes.com/purple/wp-content/cache/autoptimize/15/css/autoptimize_7f7999742ce380e1f8bb3f54be87bedc.css]
[crypterio.stylemixthemes.com/purple/wp-content/uploads/sites/15/2016/01/team_4.jpg]
[crypterio.stylemixthemes.com/purple/wp-json/oembed/1.0/embed43bf.json]
[crypterio.stylemixthemes.com/purple/wp-json/oembed/1.0/embed9924]
[crypterio.stylemixthemes.com/purple/wp-content/uploads/sites/15/2016/01/team_4-56x36.jpg]
[crypterio.stylemixthemes.com/purple/staff/mark-kristof/index.html]
[crypterio.stylemixthemes.com/purple/wp-content/cache/autoptimize/15/css/autoptimize_81df12f515414eab7096086d97ba5436.css]
[crypterio.stylemixthemes.com/purple/wp-content/uploads/sites/15/2016/01/team_6.jpg]
[crypterio.stylemixthemes.com/purple/wp-json/oembed/1.0/embed2db0.json]
[crypterio.stylemixthemes.com/purple/wp-json/oembed/1.0/embeda453]
[crypterio.stylemixthemes.com/purple/wp-content/uploads/sites/15/2016/01/team_6-56x36.jpg]
[crypterio.stylemixthemes.com/purple/staff/simon-kurvits/index.html]
[crypterio.stylemixthemes.com/purple/wp-content/cache/autoptimize/15/css/autoptimize_824c7b83ab78e36b3ea9ae1c9a2a155b.css]
[crypterio.stylemixthemes.com/purple/wp-content/uploads/sites/15/2016/01/team_5.jpg]
[crypterio.stylemixthemes.com/purple/wp-json/oembed/1.0/embed397e.json]
[crypterio.stylemixthemes.com/purple/wp-json/oembed/1.0/embed6291]
[crypterio.stylemixthemes.com/purple/wp-content/uploads/sites/15/2016/01/team_5-56x36.jpg]
[crypterio.stylemixthemes.com/purple/staff/angie-hunter/index.html]
[crypterio.stylemixthemes.com/purple/wp-content/uploads/sites/15/2016/01/team_7.jpg]
[crypterio.stylemixthemes.com/purple/wp-content/cache/autoptimize/15/css/autoptimize_b1e20982ea605c29fd7a3b5e8a3d8eed.css]
[crypterio.stylemixthemes.com/purple/wp-json/oembed/1.0/embed718f.json]
[crypterio.stylemixthemes.com/purple/wp-json/oembed/1.0/embed7a90]
[crypterio.stylemixthemes.com/purple/wp-content/uploads/sites/15/2016/01/team_7-56x36.jpg]
[crypterio.stylemixthemes.com/purple/staff/terence-spencer/index.html]
[crypterio.stylemixthemes.com/purple/wp-content/cache/autoptimize/15/css/autoptimize_1e8bf6b6c84a9f58fbc25a2c53cbf41b.css]
[crypterio.stylemixthemes.com/purple/wp-content/uploads/sites/15/2016/01/team_8.jpg]
[crypterio.stylemixthemes.com/purple/wp-json/oembed/1.0/embed7b59.json]
[crypterio.stylemixthemes.com/purple/wp-json/oembed/1.0/embed0e33]
[crypterio.stylemixthemes.com/purple/wp-content/uploads/sites/15/2016/01/team_8-56x36.jpg]
[crypterio.stylemixthemes.com/purple/staff/mattias-christopher/index.html]
[crypterio.stylemixthemes.com/purple/wp-content/cache/autoptimize/15/css/autoptimize_8de8a71d466959fbdd9ec678b1603477.css]
[crypterio.stylemixthemes.com/purple/wp-content/uploads/sites/15/2018/07/team11-1.jpg]
[crypterio.stylemixthemes.com/purple/wp-json/oembed/1.0/embed12d2.json]
[crypterio.stylemixthemes.com/purple/wp-json/oembed/1.0/embeddb52]
[crypterio.stylemixthemes.com/purple/wp-content/uploads/sites/15/2018/07/team11-1-56x36.jpg]
[crypterio.stylemixthemes.com/purple/staff/clark-sunguy/index.html]
[crypterio.stylemixthemes.com/purple/wp-content/cache/autoptimize/15/css/autoptimize_11532d9d93c9b268eeb870641e1f55ac.css]
[crypterio.stylemixthemes.com/purple/wp-content/uploads/sites/15/2018/07/team10-1.jpg]
[crypterio.stylemixthemes.com/purple/wp-json/oembed/1.0/embed8313.json]
[crypterio.stylemixthemes.com/purple/wp-json/oembed/1.0/embed3ebc]
[crypterio.stylemixthemes.com/purple/wp-content/uploads/sites/15/2018/07/team10-1-56x36.jpg]
[crypterio.stylemixthemes.com/purple/staff/marianna-kopli/index.html]
[crypterio.stylemixthemes.com/purple/wp-content/cache/autoptimize/15/css/autoptimize_a2885a52414ad6e40ce460bd402d4802.css]
[crypterio.stylemixthemes.com/purple/wp-content/uploads/sites/15/2018/07/team9-1.jpg]
[crypterio.stylemixthemes.com/purple/wp-json/oembed/1.0/embed3a97.json]
[crypterio.stylemixthemes.com/purple/wp-json/oembed/1.0/embed9a12]
[crypterio.stylemixthemes.com/purple/wp-content/uploads/sites/15/2018/07/team9-1-56x36.jpg]
[crypterio.stylemixthemes.com/purple/staff/jack-cooking/index.html]
[crypterio.stylemixthemes.com/purple/wp-content/themes/crypterio/assets/images/tmp/footer/logo_ico_purple_default.svg]
[crypterio.stylemixthemes.com/purple/wp-content/plugins/js_composer/assets/lib/prettyphoto/images/prettyPhoto/default/sprite.png]
[crypterio.stylemixthemes.com/purple/wp-content/cache/autoptimize/15/css/autoptimize_9480e17f50b432b84f75b6f423ddc33b.css]
[crypterio.stylemixthemes.com/purple/index2dc4.html]
[crypterio.stylemixthemes.com/purple/wp-content/cache/autoptimize/15/css/autoptimize_d6a3036bb62502134e161ace274eff90.css]
[crypterio.stylemixthemes.com/purple/wp-content/uploads/sites/15/2018/01/logo-editor-3-2-340x100-1.png]
[crypterio.stylemixthemes.com/purple/wp-json/oembed/1.0/embed8a5f.json]
[crypterio.stylemixthemes.com/purple/2018/01/20/first-long-term-bitcoin-option-price-of-10000-launched-by-stmx/feed/index.html]
[crypterio.stylemixthemes.com/purple/wp-json/oembed/1.0/embedd637]
[crypterio.stylemixthemes.com/purple/tag/bitcoin/index.html]
[crypterio.stylemixthemes.com/purple/tag/cryptocurrency/index.html]
[crypterio.stylemixthemes.com/purple/wp-login4132.html]
[crypterio.stylemixthemes.com/purple/tag/ethereum/index.html]
[crypterio.stylemixthemes.com/purple/2018/01/20/first-long-term-bitcoin-option-price-of-10000-launched-by-stmx/index.html]
[crypterio.stylemixthemes.com/purple/wp-content/cache/autoptimize/15/js/autoptimize_b879fd5539c64103c2e2e33ddc2d7af0.js]
[crypterio.stylemixthemes.com/purple/category/blockchain/index.html]
[crypterio.stylemixthemes.com/purple/wp-content/cache/autoptimize/15/css/autoptimize_6c858f7de75b6d1bdd6975f2090a7fe4.css]
[crypterio.stylemixthemes.com/purple/category/media/index.html]
[crypterio.stylemixthemes.com/purple/category/ico/index.html]
[crypterio.stylemixthemes.com/purple/wp-content/uploads/sites/15/2018/01/logo-editor-2-2-340x100-1.png]
[crypterio.stylemixthemes.com/purple/2018/01/index.html]
[crypterio.stylemixthemes.com/purple/wp-json/oembed/1.0/embede189.json]
[crypterio.stylemixthemes.com/purple/2018/01/20/stmx-dht-ico-risk-hedging-crypto-trading-for-investors/feed/index.html]
[crypterio.stylemixthemes.com/purple/wp-json/oembed/1.0/embedd20b]
[crypterio.stylemixthemes.com/purple/2018/01/20/stmx-dht-ico-risk-hedging-crypto-trading-for-investors/index.html]
[crypterio.stylemixthemes.com/purple/wp-content/cache/autoptimize/15/css/autoptimize_a8e82973ef4b422b5accf40290a215a5.css]
[crypterio.stylemixthemes.com/purple/indexfe24.html]
[crypterio.stylemixthemes.com/purple/wp-content/cache/autoptimize/15/css/autoptimize_618f4ce662452b20e67021fca7a141a0.css]
[crypterio.stylemixthemes.com/purple/indexb3e1.html]
[crypterio.stylemixthemes.com/purple/wp-login48f8.html]
[crypterio.stylemixthemes.com/purple/wp-content/cache/autoptimize/15/css/autoptimize_7f7999742ce380e1f8bb3f54be87bedc.css]
[crypterio.stylemixthemes.com/purple/index6595.html]
[crypterio.stylemixthemes.com/purple/wp-content/cache/autoptimize/15/css/autoptimize_81df12f515414eab7096086d97ba5436.css]
[crypterio.stylemixthemes.com/purple/indexf7f8.html]
[crypterio.stylemixthemes.com/purple/wp-content/cache/autoptimize/15/css/autoptimize_824c7b83ab78e36b3ea9ae1c9a2a155b.css]
[crypterio.stylemixthemes.com/purple/indexc79d.html]
[crypterio.stylemixthemes.com/purple/wp-content/cache/autoptimize/15/css/autoptimize_b1e20982ea605c29fd7a3b5e8a3d8eed.css]
[crypterio.stylemixthemes.com/purple/indexb47e.html]
[crypterio.stylemixthemes.com/purple/wp-content/cache/autoptimize/15/css/autoptimize_1e8bf6b6c84a9f58fbc25a2c53cbf41b.css]
[crypterio.stylemixthemes.com/purple/index230e.html]
[crypterio.stylemixthemes.com/purple/wp-content/cache/autoptimize/15/css/autoptimize_8de8a71d466959fbdd9ec678b1603477.css]
[crypterio.stylemixthemes.com/purple/index2c22.html]
[crypterio.stylemixthemes.com/purple/wp-content/cache/autoptimize/15/css/autoptimize_11532d9d93c9b268eeb870641e1f55ac.css]
[crypterio.stylemixthemes.com/purple/indexae51.html]
[crypterio.stylemixthemes.com/purple/wp-content/cache/autoptimize/15/css/autoptimize_a2885a52414ad6e40ce460bd402d4802.css]
[crypterio.stylemixthemes.com/purple/index769c.html]
[crypterio.stylemixthemes.com/purple/wp-content/cache/autoptimize/15/css/autoptimize_d6a3036bb62502134e161ace274eff90.css]
[crypterio.stylemixthemes.com/purple/indexc5ac.html]
[crypterio.stylemixthemes.com/purple/wp-content/cache/autoptimize/15/css/autoptimize_f23d27c60cb2e4516ba7441b158d99f9.css]
[crypterio.stylemixthemes.com/purple/wp-content/uploads/sites/15/2018/01/logo-editor-1-2-340x100-1.png]
[crypterio.stylemixthemes.com/purple/tag/bitcoin/index.html]
[crypterio.stylemixthemes.com/purple/tag/bitcoin/feed/index.html]
[crypterio.stylemixthemes.com/purple/2018/01/20/world-first-crypto-concert-to-be-performed-on-second-day-of-blockshow-usa-2/index.html]
[crypterio.stylemixthemes.com/purple/tag/cryptocurrency/index.html]
[crypterio.stylemixthemes.com/purple/wp-content/cache/autoptimize/15/css/autoptimize_2d98d01d9300f30fe32dec514cf59e7a.css]
[crypterio.stylemixthemes.com/purple/tag/cryptocurrency/feed/index.html]
[crypterio.stylemixthemes.com/purple/tag/ethereum/index.html]
[crypterio.stylemixthemes.com/purple/tag/ethereum/feed/index.html]
[crypterio.stylemixthemes.com/purple/wp-content/cache/autoptimize/15/css/autoptimize_82d191c94e5097da385786c8bea0d6c3.css]
[crypterio.stylemixthemes.com/purple/wp-includes/css/dashicons.min9738.css]
[crypterio.stylemixthemes.com/purple/wp-includes/css/buttons.min9738.css]
[crypterio.stylemixthemes.com/purple/wp-admin/css/forms.min9738.css]
[crypterio.stylemixthemes.com/purple/wp-admin/css/l10n.min9738.css]
[crypterio.stylemixthemes.com/purple/wp-admin/css/login.min9738.css]
[crypterio.stylemixthemes.com/purple/wp-content/uploads/sites/15/2019/04/cropped-cropped-favicon-crypterio-270x270.png]
[crypterio.stylemixthemes.com/purple/wp-login4132.html]
[crypterio.stylemixthemes.com/purple/category/blockchain/index.html]
[crypterio.stylemixthemes.com/purple/wp-content/cache/autoptimize/15/css/autoptimize_23211e2934546d8120388d7e63b72456.css]
[crypterio.stylemixthemes.com/purple/category/ico/index.html]
[crypterio.stylemixthemes.com/purple/category/blockchain/feed/index.html]
[crypterio.stylemixthemes.com/purple/wp-content/cache/autoptimize/15/css/autoptimize_99b6585c706ac3590ad121f9a64a726d.css]
[crypterio.stylemixthemes.com/purple/category/media/index.html]
[crypterio.stylemixthemes.com/purple/wp-content/cache/autoptimize/15/css/autoptimize_783af5b7cdb29c3b88b7edcd18df0faa.css]
[crypterio.stylemixthemes.com/purple/category/media/feed/index.html]
[crypterio.stylemixthemes.com/purple/category/ico/feed/index.html]
[crypterio.stylemixthemes.com/purple/2018/01/index.html]
[crypterio.stylemixthemes.com/purple/wp-content/cache/autoptimize/15/css/autoptimize_6c858f7de75b6d1bdd6975f2090a7fe4.css]
[crypterio.stylemixthemes.com/purple/indexe4f6.html]
[crypterio.stylemixthemes.com/purple/wp-login48f8.html]
[crypterio.stylemixthemes.com/purple/wp-content/cache/autoptimize/15/css/autoptimize_f23d27c60cb2e4516ba7441b158d99f9.css]
[crypterio.stylemixthemes.com/purple/wp-content/cache/autoptimize/15/css/autoptimize_ac878c08fe07d9a42c6110cb4daa27cd.css]
[crypterio.stylemixthemes.com/purple/wp-content/cache/autoptimize/15/css/autoptimize_8bc6a8730a57a37c71d3096b2736c68f.css]
[crypterio.stylemixthemes.com/purple/2018/01/20/world-first-crypto-concert-to-be-performed-on-second-day-of-blockshow-usa-2/feed/index.html]
[crypterio.stylemixthemes.com/purple/wp-json/oembed/1.0/embede308.json]
[crypterio.stylemixthemes.com/purple/wp-json/oembed/1.0/embeda542]
[crypterio.stylemixthemes.com/purple/2018/01/20/world-first-crypto-concert-to-be-performed-on-second-day-of-blockshow-usa-2/index.html]
[crypterio.stylemixthemes.com/purple/wp-content/cache/autoptimize/15/css/autoptimize_2d98d01d9300f30fe32dec514cf59e7a.css]
[crypterio.stylemixthemes.com/purple/wp-logind046.html]
[crypterio.stylemixthemes.com/purple/wp-content/cache/autoptimize/15/css/autoptimize_82d191c94e5097da385786c8bea0d6c3.css]
[crypterio.stylemixthemes.com/purple/wp-includes/css/dashicons.min9738.css]
[crypterio.stylemixthemes.com/purple/wp-includes/css/buttons.min9738.css]
[crypterio.stylemixthemes.com/purple/wp-includes/fonts/dashicons.eot]
[crypterio.stylemixthemes.com/purple/wp-admin/images/loading.gif]
[crypterio.stylemixthemes.com/purple/wp-admin/css/forms.min9738.css]
[crypterio.stylemixthemes.com/purple/wp-admin/css/l10n.min9738.css]
[crypterio.stylemixthemes.com/purple/wp-admin/images/w-logo-blue7a53.png]
[crypterio.stylemixthemes.com/purple/wp-admin/css/login.min9738.css]
[crypterio.stylemixthemes.com/purple/wp-content/cache/autoptimize/15/css/autoptimize_23211e2934546d8120388d7e63b72456.css]
[crypterio.stylemixthemes.com/purple/wp-admin/images/wordpress-logo7d6b.svg]
[crypterio.stylemixthemes.com/purple/wp-content/cache/autoptimize/15/css/autoptimize_99b6585c706ac3590ad121f9a64a726d.css]
[crypterio.stylemixthemes.com/purple/wp-content/cache/autoptimize/15/css/autoptimize_783af5b7cdb29c3b88b7edcd18df0faa.css]
[crypterio.stylemixthemes.com/purple/wp-content/cache/autoptimize/15/css/autoptimize_ac878c08fe07d9a42c6110cb4daa27cd.css]
[crypterio.stylemixthemes.com/purple/wp-content/cache/autoptimize/15/css/autoptimize_8bc6a8730a57a37c71d3096b2736c68f.css]
[crypterio.stylemixthemes.com/purple/index1d29.html]
[crypterio.stylemixthemes.com/purple/wp-logind046.html]
[crypterio.stylemixthemes.com/purple/wp-admin/images/wordpress-logo7d6b.svg]
